// Jest Snapshot v1, https://goo.gl/fbAQLP

exports[`ポップアップカードのレンダリング確認 オプションなしで設定した場合、初期値でレンダリングされる。 1`] = `
<div
  class="sc-eXBvqI svoSO"
  data-testid="molecules-pc-wrap"
>
  <div
    class="sc-iqGgem bwiYsT"
    data-testid="molecules-pc-content"
  >
    <span>
      dummy
    </span>
  </div>
</div>
`;
