// Jest Snapshot v1, https://goo.gl/fbAQLP

exports[`SearchCheckbox のレンダリング確認 オプションなしで設定した場合、初期値でレンダリングされる。 1`] = `
<div
  class="sc-hlnMnd hOBmUK"
  data-testid="atoms-scg-wrap"
>
  <label
    class="sc-TRNrF fhrVlR"
    data-testid="atoms-sc-wrap"
  >
    <input
      data-testid="atoms-sc-input"
      name="test"
      type="checkbox"
      value="1"
    />
    <span
      class="sc-jIAOiI sxBly"
      data-testid="atoms-sc-text"
    />
  </label>
</div>
`;
