// Jest Snapshot v1, https://goo.gl/fbAQLP

exports[`link-button のレンダリング確認 オプションなしで設定した場合、初期値でレンダリングされる。 1`] = `
<div
  class="sc-GVOUr bPuHtl"
  data-testid="atoms-na-wrap"
/>
`;
