// Jest Snapshot v1, https://goo.gl/fbAQLP

exports[`notification-icon のレンダリング確認 オプションなしで設定した場合、初期値でレンダリングされる。 1`] = `
<div
  class="sc-dwLEzm dLXUZB"
  data-testid="atoms-ni-wrap"
>
  10
</div>
`;
